<html>
  <head></head>
  <body>
    <ul style="list-style: square;">
      <li>
        <p>
          <strong>iTunes -&gt;
          </strong>
          <strong>
            <a href="https://podcasts.apple.com/no/podcast/footballytics/id1456730259?l=nb#episodeGuid=5ce55660e2b512820ebadc">Lytt her!</a>
          </strong>
          <br>
        </p>
      </li>
      <li>
        <p>
          <strong>Spotify -&gt;
          </strong>
          <strong>
            <a href="https://open.spotify.com/episode/2ON1aZSJvYieU8Pewz7yUH?si=KARaXtuaQDaOkeyxs0f7OQ">Lytt her!</a>
          </strong>
        </p>
      </li>
      <li>
        <ul style="list-style: square;">
          <li>
            <p>
              <strong>Spotify -&gt;
              </strong>
              <strong>
                <a href="https://open.spotify.com/episode/2ON1aZSJvYieU8Pewz7yUH?si=KARaXtuaQDaOkeyxs0f7OQ">Lytt her!</a>
              </strong>
            </p>
          </li>
        </ul>
      </li>
    </ul>
  </body>
</html>
